[2J[H[1;37;44m BBS.land WebTerm - Simple Test [0m

[1;32mGreen Text[0m
[1;33mYellow Text[0m
[1;36mCyan Text[0m

[31mRed[0m [32mGreen[0m [33mYellow[0m [34mBlue[0m [35mMagenta[0m [36mCyan[0m [37mWhite[0m

[1mBold text[0m and [7mReverse video[0m

CP437 Box Drawing:
ษออออออออออป
บ  Hello\!  บ
ศออออออออออผ
