[2J[H[1;37;44m                    ANSI Test Pattern                    [0m

[1;36mBox Drawing Characters:[0m
ÚÄÂÄ¿  ÉÍËÍ»  ÕÍÑÍ¸  ÖÄ×Ä·
³ ³ ³  º º º  ³ ³ ³  º º º
ÃÄÅÄ´  ÌÍÎÍ¹  ÇÍØÍ¶  ÆÄ×Äµ
³ ³ ³  º º º  ³ ³ ³  º º º
ÀÄÁÄÙ  ÈÍÊÍ¼  ÔÍÏÍ¾  ÓÄÏÄ½

[1;33mShade Characters:[0m
°°°°°°°°  ±±±±±±±±  ²²²²²²²²  ÛÛÛÛÛÛÛÛ

[1;32mBlock Elements:[0m
ßßßßßßßß  ÜÜÜÜÜÜÜÜ  ŞŞŞŞŞŞŞŞ  ÛÛÛÛÛÛ

[1;35mCursor Movement Test:[0m
[10;5H[10;15H[10;25H[10;35H[10;45H

[12;1H[1;31mText Attributes:[0m
[13;5H[0mNormal  [1mBold  [2mDim  [4mUnderline  [5mBlink  [7mReverse[0m

[15;1H[1;37mEnd of test pattern[0m
