[2J[H[1;37;44m                    BBS.land WebTerm                    [0m

[1;36mษอออออออออออออออออออออออออออออออออออออออออออออออออออป
บ  [1;33mWelcome to the DOS ANSI Terminal Viewer[1;36m  บ
ศอออออออออออออออออออออออออออออออออออออออออออออออออออผ[0m

[1;37mThis is a sample ANSI art file demonstrating:[0m

  [32mþ[0m CP437 character encoding
  [32mþ[0m ANSI color sequences
  [32mþ[0m Box drawing characters
  [32mþ[0m EGA 8x14 font rendering

[1;35mColors:[0m
[40m [41m [42m [43m [44m [45m [46m [47m [0m [1;30mÛ[1;31mÛ[1;32mÛ[1;33mÛ[1;34mÛ[1;35mÛ[1;36mÛ[1;37mÛ[0m

[1;36mShade Characters:[0m ฐฐฐ ฑฑฑ ฒฒฒ ÛÛÛ
